
Задание:
Установите DNS сервер BIND на вашей публичной виртуальной машине.
Настройте BIND в роли авторитетного сервера для домена rebrainme.com и задайте на нем отдачу корневой A-записи адреса вашего сервера.
При помощи утилиты host проверьте корректную работу сервера по запросу rebrainme.com.
На проверку отправьте адрес вашего сервера, конфигурационные файлы BIND и DNS зоны, а также выводы вызова команд.

**********************************************************************
Решение
**********************************************************************

Ефошкин Максим Вячеславович
ОТПРАВЛЕНО
28.07.2022 12:54
1. Установите DNS сервер BIND на вашей публичной виртуальной машине.
address: 51.250.31.3
apt install bind9

2. Настройте BIND в роли авторитетного сервера для домена rebrainme.com и задайте на нем отдачу корневой A-записи адреса вашего сервера.
root@epddn2on6mhit99v756j:/etc/bind# cat rebrainme.zone 
; Authoritative data for rebrainme.com zone
;
$TTL 1D
@   IN SOA  epddn2on6mhit99v756j.rebrainme.com   root.epddn2on6mhit99v756j.rebrainme.com. (
                                       111111111      ; serial
                                       1D              ; refresh
                                       1H              ; retry
                                       1W              ; expire
                                       3H )            ; minimum

$ORIGIN         rebrainme.com.
rebrainme.com.            IN      NS      epddn2on6mhit99v756j.rebrainme.com.
rebrainme.com.            IN          A          51.250.31.3
epddn2on6mhit99v756j                     IN      A       127.0.0.1
server                  IN      A       51.250.31.3

; Mail server MX record
rebrainme.com.            IN      MX      10      mail.rebrainme.com.
root@epddn2on6mhit99v756j:/etc/bind# 


Поправил днс
$ vi /etc/resolv.conf

#nameserver 127.0.0.53
options edns0 trust-ad
search auto.internal ru-central1.internal
nameserver 51.250.31.3
root@epddn2on6mhit99v756j:/etc/bind# 

/etc/bind/named.conf
zone "rebrainme.com" IN {
	type master;
	file "/etc/bind/rebrainme.zone";
	
};
root@epddn2on6mhit99v756j:/etc/bind# 

3. При помощи утилиты host проверьте корректную работу сервера по запросу rebrainme.com.
root@epddn2on6mhit99v756j:/etc/bind# host -t A rebrainme.com
rebrainme.com has address 51.250.31.3
root@epddn2on6mhit99v756j:/etc/bind# 
 
ОТВЕТ КУРАТОРА
Алексей Кузнецов (@Hystrix)
ВЫПОЛНЕНО 4
28.07.2022 19:38
Добрый день!

host -t A rebrainme.com
Так запрос идет через резолвер, но не обязательно править его:

/etc/resolv.conf
Можно в утилите host указать на какой сервер направить запрос для проверки.

Опционально: тоже самое для dig (другой синтаксис)

29.07.2022 01:20
ВЫПОЛНЕНО 4
Ефошкин Максим Вячеславович
ОТПРАВЛЕНО
29.07.2022 01:20
[m.efoshkin@MiWiFi-R4A-srv ~]$ host rebrainme 51.250.31.3
Using domain server:
Name: 51.250.31.3
Address: 51.250.31.3#53
Aliases: 

Host rebrainme not found: 5(REFUSED)
[m.efoshkin@MiWiFi-R4A-srv ~]$ 







[m.efoshkin@MiWiFi-R4A-srv ~]$ dig rebrainme.com @51.250.31.3

; <<>> DiG 9.16.21-RH <<>> rebrainme.com @51.250.31.3
;; global options: +cmd
;; Got answer:
;; ->>HEADER<<- opcode: QUERY, status: NOERROR, id: 22256
;; flags: qr aa rd; QUERY: 1, ANSWER: 1, AUTHORITY: 0, ADDITIONAL: 1
;; WARNING: recursion requested but not available

;; OPT PSEUDOSECTION:
; EDNS: version: 0, flags:; udp: 4096
; COOKIE: 436ce0f58851f8dd0100000062e30b7fd04826585c9b90a1 (good)
;; QUESTION SECTION:
;rebrainme.com.			IN	A

;; ANSWER SECTION:
rebrainme.com.		86400	IN	A	51.250.31.3

;; Query time: 13 msec
;; SERVER: 51.250.31.3#53(51.250.31.3)
;; WHEN: Fri Jul 29 01:19:43 MSK 2022
;; MSG SIZE  rcvd: 86

[m.efoshkin@MiWiFi-R4A-srv ~]$ 


Спасибо за информацию! 

ОТВЕТ КУРАТОРА
Алексей Кузнецов (@Hystrix)
ВЫПОЛНЕНО 4
29.07.2022 08:50
Добрый день!

[m.efoshkin@MiWiFi-R4A-srv ~]$ host rebrainme 51.250.31.3
Using domain server:
Name: 51.250.31.3
Address: 51.250.31.3#53
Aliases: 

Host rebrainme not found: 5(REFUSED)
[m.efoshkin@MiWiFi-R4A-srv ~]$ 
А почему host не нашел запись?

29.07.2022 09:21
ВЫПОЛНЕНО 5
Ефошкин Максим Вячеславович
ОТПРАВЛЕНО
29.07.2022 09:21
опечатка

[m.efoshkin@MiWiFi-R4A-srv ~]$ host rebrainme.com 51.250.31.3
Using domain server:
Name: 51.250.31.3
Address: 51.250.31.3#53
Aliases: 

rebrainme.com has address 51.250.31.3
rebrainme.com mail is handled by 10 mail.rebrainme.com.
[m.efoshkin@MiWiFi-R4A-srv ~]$

ОТВЕТ КУРАТОРА
Алексей Кузнецов (@Hystrix)
ВЫПОЛНЕНО 5
29.07.2022 09:22
Добрый день!

Отличные знание темы и выполнение задания, замечаний и вопросов нет!
